

================================================================
== Vivado HLS Report for 'ListInsert'
================================================================
* Date:           Sat Jun  4 16:23:48 2022

* Version:        2018.3 (Build 2405991 on Thu Dec 06 23:56:15 MST 2018)
* Project:        Sobel_SkLines
* Solution:       solution1
* Product family: zynquplus
* Target device:  xczu9eg-ffvb1156-2-i


================================================================
== Performance Estimates
================================================================
+ Timing (ns): 
    * Summary: 
    +--------+-------+----------+------------+
    |  Clock | Target| Estimated| Uncertainty|
    +--------+-------+----------+------------+
    |ap_clk  |  10.00|     2.474|        1.25|
    +--------+-------+----------+------------+

+ Latency (clock cycles): 
    * Summary: 
    +-----+-----+-----+-----+---------+
    |  Latency  |  Interval | Pipeline|
    | min | max | min | max |   Type  |
    +-----+-----+-----+-----+---------+
    |    ?|    ?|    ?|    ?|   none  |
    +-----+-----+-----+-----+---------+

    + Detail: 
        * Instance: 
        N/A

        * Loop: 
        +----------+-----+-----+----------+-----------+-----------+------+----------+
        |          |  Latency  | Iteration|  Initiation Interval  | Trip |          |
        | Loop Name| min | max |  Latency |  achieved |   target  | Count| Pipelined|
        +----------+-----+-----+----------+-----------+-----------+------+----------+
        |- Loop 1  |    ?|    ?|         2|          -|          -|     ?|    no    |
        +----------+-----+-----+----------+-----------+-----------+------+----------+



================================================================
== Utilization Estimates
================================================================
* Summary: 
+-----------------+---------+-------+--------+--------+-----+
|       Name      | BRAM_18K| DSP48E|   FF   |   LUT  | URAM|
+-----------------+---------+-------+--------+--------+-----+
|DSP              |        -|      -|       -|       -|    -|
|Expression       |        -|      -|       0|     197|    -|
|FIFO             |        -|      -|       -|       -|    -|
|Instance         |        -|      -|       -|       -|    -|
|Memory           |        -|      -|       -|       -|    -|
|Multiplexer      |        -|      -|       -|      66|    -|
|Register         |        -|      -|      92|       -|    -|
+-----------------+---------+-------+--------+--------+-----+
|Total            |        0|      0|      92|     263|    0|
+-----------------+---------+-------+--------+--------+-----+
|Available        |     1824|   2520|  548160|  274080|    0|
+-----------------+---------+-------+--------+--------+-----+
|Utilization (%)  |        0|      0|   ~0   |   ~0   |    0|
+-----------------+---------+-------+--------+--------+-----+

+ Detail: 
    * Instance: 
    N/A

    * DSP48: 
    N/A

    * Memory: 
    N/A

    * FIFO: 
    N/A

    * Expression: 
    +------------------+----------+-------+---+----+------------+------------+
    |   Variable Name  | Operation| DSP48E| FF| LUT| Bitwidth P0| Bitwidth P1|
    +------------------+----------+-------+---+----+------------+------------+
    |j_6_fu_114_p2     |     +    |      0|  0|  39|          32|           2|
    |tmp_66_fu_125_p2  |     +    |      0|  0|  39|          32|           2|
    |tmp_s_fu_86_p2    |     +    |      0|  0|  39|          32|           1|
    |tmp_62_fu_92_p2   |   icmp   |      0|  0|  20|          32|          32|
    |tmp_63_fu_98_p2   |   icmp   |      0|  0|  20|          32|          13|
    |tmp_65_fu_109_p2  |   icmp   |      0|  0|  20|          32|          32|
    |tmp_fu_80_p2      |   icmp   |      0|  0|  20|          32|           1|
    +------------------+----------+-------+---+----+------------+------------+
    |Total             |          |      0|  0| 197|         224|          83|
    +------------------+----------+-------+---+----+------------+------------+

    * Multiplexer: 
    +---------------+----+-----------+-----+-----------+
    |      Name     | LUT| Input Size| Bits| Total Bits|
    +---------------+----+-----------+-----+-----------+
    |Data_address0  |  21|          4|   13|         52|
    |Data_d0        |  15|          3|   32|         96|
    |ap_NS_fsm      |  21|          4|    1|          4|
    |j_reg_67       |   9|          2|   32|         64|
    +---------------+----+-----------+-----+-----------+
    |Total          |  66|         13|   78|        216|
    +---------------+----+-----------+-----+-----------+

    * Register: 
    +-------------------+----+----+-----+-----------+
    |        Name       | FF | LUT| Bits| Const Bits|
    +-------------------+----+----+-----+-----------+
    |Data_addr_reg_163  |  13|   0|   13|          0|
    |ap_CS_fsm          |   3|   0|    3|          0|
    |e_cast_reg_146     |   9|   0|   32|         23|
    |j_6_reg_171        |  32|   0|   32|          0|
    |j_reg_67           |  32|   0|   32|          0|
    |tmp_62_reg_155     |   1|   0|    1|          0|
    |tmp_63_reg_159     |   1|   0|    1|          0|
    |tmp_reg_151        |   1|   0|    1|          0|
    +-------------------+----+----+-----+-----------+
    |Total              |  92|   0|  115|         23|
    +-------------------+----+----+-----+-----------+



================================================================
== Interface
================================================================
* Summary: 
+---------------+-----+-----+------------+--------------+--------------+
|   RTL Ports   | Dir | Bits|  Protocol  | Source Object|    C Type    |
+---------------+-----+-----+------------+--------------+--------------+
|ap_clk         |  in |    1| ap_ctrl_hs |  ListInsert  | return value |
|ap_rst         |  in |    1| ap_ctrl_hs |  ListInsert  | return value |
|ap_start       |  in |    1| ap_ctrl_hs |  ListInsert  | return value |
|ap_done        | out |    1| ap_ctrl_hs |  ListInsert  | return value |
|ap_idle        | out |    1| ap_ctrl_hs |  ListInsert  | return value |
|ap_ready       | out |    1| ap_ctrl_hs |  ListInsert  | return value |
|Data_address0  | out |   13|  ap_memory |     Data     |     array    |
|Data_ce0       | out |    1|  ap_memory |     Data     |     array    |
|Data_we0       | out |    1|  ap_memory |     Data     |     array    |
|Data_d0        | out |   32|  ap_memory |     Data     |     array    |
|Data_q0        |  in |   32|  ap_memory |     Data     |     array    |
|i              |  in |   32|   ap_none  |       i      |    scalar    |
|e              |  in |    9|   ap_none  |       e      |    scalar    |
|length_r       |  in |   32|   ap_none  |   length_r   |    scalar    |
+---------------+-----+-----+------------+--------------+--------------+

